// Jest Snapshot v1, https://goo.gl/fbAQLP

exports[`Header -- AvatarMenu should render correctly 1`] = `
<WithStyles(GridWrapper)
  item={true}
>
  <Avatar
    big={false}
    initials="TU"
    onClick={[Function]}
    style={
      Object {
        "cursor": "pointer",
      }
    }
  />
  <WithStyles(Menu)
    MenuListProps={
      Object {
        "disablePadding": true,
      }
    }
    anchorEl={null}
    id="avatar-menu"
    marginThreshold={30}
    onClose={[Function]}
    open={false}
  >
    <WithStyles(MenuItem)
      key="logout-menu"
      onClick={[Function]}
    >
      <WithStyles(Typography)
        color="primary"
        style={
          Object {
            "fontSize": "1rem",
          }
        }
      >
        Logout
      </WithStyles(Typography)>
    </WithStyles(MenuItem)>
    <WithStyles(MenuItem)
      key="admin-menu"
      onClick={[Function]}
    >
      <WithTheme(TextLink)
        to="admin"
      >
        Admin
      </WithTheme(TextLink)>
    </WithStyles(MenuItem)>
  </WithStyles(Menu)>
</WithStyles(GridWrapper)>
`;
