// Jest Snapshot v1, https://goo.gl/fbAQLP

exports[`Header -- AvatarMenu should render correctly 1`] = `
<withStyles(GridWrapper)
  item={true}
>
  <Avatar
    big={true}
    initials="TU"
    onClick={[Function]}
    style={
      Object {
        "cursor": "pointer",
      }
    }
  />
  <withStyles(Menu)
    MenuListProps={
      Object {
        "disablePadding": true,
      }
    }
    anchorEl={null}
    id="avatar-menu"
    marginThreshold={30}
    onClose={[Function]}
    open={false}
  >
    <withStyles(MenuItem)
      key="logout-menu"
      onClick={[Function]}
    >
      <withStyles(Typography)
        color="primary"
        style={
          Object {
            "fontSize": "1rem",
          }
        }
      >
        Logout
      </withStyles(Typography)>
    </withStyles(MenuItem)>
    <withStyles(MenuItem)
      key="admin-menu"
      onClick={[Function]}
    >
      <withTheme(TextLink)
        to="admin"
      >
        Admin
      </withTheme(TextLink)>
    </withStyles(MenuItem)>
  </withStyles(Menu)>
</withStyles(GridWrapper)>
`;
