// Jest Snapshot v1, https://goo.gl/fbAQLP

exports[`Header -- AvatarMenu should render correctly 1`] = `
<WithStyles
  item={true}
>
  <Avatar
    big={false}
    initials="TU"
    onClick={[Function]}
    style={
      Object {
        "cursor": "pointer",
      }
    }
  />
  <WithStyles
    MenuListProps={
      Object {
        "disablePadding": true,
      }
    }
    anchorEl={null}
    id="avatar-menu"
    marginThreshold={30}
    onClose={[Function]}
    open={false}
  >
    <WithStyles
      key="logout-menu"
      onClick={[Function]}
    >
      <WithStyles
        color="primary"
        style={
          Object {
            "fontSize": "1rem",
          }
        }
      >
        Logout
      </WithStyles>
    </WithStyles>
    <WithStyles
      key="admin-menu"
      onClick={[Function]}
    >
      <WithTheme
        to="admin"
      >
        User Management
      </WithTheme>
    </WithStyles>
  </WithStyles>
</WithStyles>
`;
