// Jest Snapshot v1, https://goo.gl/fbAQLP

exports[`CodingScheme scene should render correctly 1`] = `
<Container
  column={true}
  flex={true}
  spacing={0}
>
  <Alert
    actions={
      Array [
        Object {
          "onClick": [Function],
          "type": "button",
          "value": "Dismiss",
        },
      ]
    }
    open={true}
    title={
      <UNDEFINED>
        <WithTheme
          color="red"
          size={30}
          style={
            Object {
              "paddingRight": 10,
            }
          }
        >
          sentiment_very_dissatisfied
        </WithTheme>
        Uh-oh! Something went wrong.
      </UNDEFINED>
    }
  >
    <WithStyles
      variant="body1"
    >
      We failed to save the reorder of the scheme. The question order has been reset. Please try again later.
    </WithStyles>
  </Alert>
  <withRouter(PageHeader)
    otherButton={
      Object {
        "isLink": true,
        "path": "/project/undefined/coding-scheme/add",
        "props": Object {
          "aria-label": "Add new question to  coding scheme",
        },
        "state": Object {
          "questionDefined": null,
        },
        "text": "+ Add New Question",
      }
    }
    pageTitle="Coding Scheme"
    protocolButton={true}
    showButton={false}
  />
  <Container
    column={false}
    flex={true}
    spacing={0}
    style={
      Object {
        "backgroundColor": "#f5f5f5",
        "marginLeft": -30,
        "paddingTop": 25,
      }
    }
  >
    <ApiErrorView />
  </Container>
  <Route
    component={[Function]}
    path="/project/:projectId/coding-scheme/add"
  />
  <Route
    component={[Function]}
    path="/project/:projectId/coding-scheme/edit/:id"
  />
</Container>
`;
