// Jest Snapshot v1, https://goo.gl/fbAQLP

exports[`CodingScheme scene should render correctly 1`] = `
<Container
  column={true}
  flex={true}
  spacing={0}
>
  <Header
    showButton={false}
  />
  <Container
    column={false}
    flex={true}
    spacing={0}
    style={
      Object {
        "backgroundColor": "#f5f5f5",
        "paddingTop": 25,
      }
    }
  >
    <Container
      alignItems="center"
      column={true}
      flex={true}
      spacing={0}
      style={
        Object {
          "justifyContent": "center",
        }
      }
    >
      <WithStyles
        style={
          Object {
            "marginBottom": "20px",
          }
        }
        type="display1"
      >
        The coding scheme is empty. To get started, add a question.
      </WithStyles>
      <WithTheme
        to={
          Object {
            "pathname": "/project/undefined/coding-scheme/add",
            "state": Object {
              "questionDefined": null,
            },
          }
        }
      >
        <WithTheme
          color="accent"
          value="+ Add New Question"
        />
      </WithTheme>
    </Container>
  </Container>
  <Footer />
  <Route
    component={[Function]}
    path="/project/:id/coding-scheme/add"
  />
  <Route
    component={[Function]}
    path="/project/:id/coding-scheme/edit/:id"
  />
</Container>
`;
