// Jest Snapshot v1, https://goo.gl/fbAQLP

exports[`QuestionCard - QuestionContent - TextFieldQuestion should render correctly 1`] = `
<FlexGrid
  align="stretch"
  circular={false}
  container={true}
  flex={true}
  justify="stretch"
  padding={0}
  raised={false}
  style={Object {}}
  type="column"
>
  <FlexGrid
    align="stretch"
    circular={false}
    container={true}
    flex={false}
    justify="stretch"
    padding="5px 15px 10px"
    raised={false}
    style={
      Object {
        "backgroundColor": "white",
        "marginRight": 10,
      }
    }
    type="row"
  >
    <FlexGrid
      align="stretch"
      circular={false}
      container={true}
      flex={true}
      justify="flex-start"
      padding={0}
      raised={false}
      style={Object {}}
      type="column"
    >
      <WithStyles(InputBox)
        disabled={false}
        name="text-answer"
        placeholder="Enter answer"
        rows={7}
        value=""
      />
    </FlexGrid>
  </FlexGrid>
</FlexGrid>
`;
