// Jest Snapshot v1, https://goo.gl/fbAQLP

exports[`Document Management scene should render correctly 1`] = `
<FlexGrid
  align="stretch"
  circular={false}
  container={true}
  flex={true}
  justify="stretch"
  padding="20px 30px"
  raised={false}
  style={Object {}}
  type="column"
>
  <withRouter(WithTheme(PageHeader))
    entryScene={true}
    icon="description"
    otherButton={
      Object {
        "isLink": true,
        "path": "/docs/upload",
        "props": Object {
          "aria-label": "Upload New Documents",
        },
        "show": true,
        "state": Object {
          "modal": true,
        },
        "text": "+ Upload New",
      }
    }
    pageTitle="Document Management"
    projectName=""
    protocolButton={false}
  />
  <FlexGrid
    align="stretch"
    circular={false}
    container={true}
    flex={true}
    justify="stretch"
    padding={0}
    raised={true}
    style={Object {}}
    type="column"
  >
    <Search
      onClearSuggestions={[Function]}
      onGetSuggestions={[Function]}
      onSearchDocs={[Function]}
      onSearchValueChange={[Function]}
      onSuggestionSelected={[Function]}
    />
    <DocList
      allSelected={false}
      docCount={0}
      documents={Array []}
      onChangePage={[MockFunction]}
      onChangeRows={[MockFunction]}
      onSelectAllFiles={[MockFunction]}
      onSelectOneFile={[MockFunction]}
      page={0}
      rowsPerPage="10"
    />
  </FlexGrid>
  <Route
    component={[Function]}
    path="/docs/upload"
  />
</FlexGrid>
`;
