// Jest Snapshot v1, https://goo.gl/fbAQLP

exports[`Home scene - PageHeader component should render correctly 1`] = `
<Container
  alignItems="center"
  column={false}
  flex={false}
  spacing={0}
  style={
    Object {
      "height": "100px",
    }
  }
>
  <Column
    component={
      <WithStyles
        item={true}
      />
    }
    displayFlex={false}
    flex={true}
  >
    <Container
      alignItems="center"
      column={false}
      flex={false}
      spacing={8}
    >
      <Column
        component={
          <WithStyles
            item={true}
          />
        }
        displayFlex={false}
        flex={false}
      >
        <WithTheme
          circleColor="error"
          circleSize="35px"
          iconColor="white"
          iconSize="24px"
        >
          home
        </WithTheme>
      </Column>
      <Column
        component={
          <WithStyles
            item={true}
          />
        }
        displayFlex={false}
        flex={false}
      >
        <WithStyles
          type="headline"
        >
          Project List
        </WithStyles>
      </Column>
    </Container>
  </Column>
  <Column
    component={
      <WithStyles
        item={true}
      />
    }
    displayFlex={false}
    flex={false}
  >
    <WithTheme
      style={
        Object {
          "color": "white",
        }
      }
      to={
        Object {
          "pathname": "/project/add",
          "state": Object {
            "userDefined": null,
          },
        }
      }
    >
      <WithTheme
        color="accent"
        value=" + Create new project"
      />
    </WithTheme>
  </Column>
</Container>
`;
