// Jest Snapshot v1, https://goo.gl/fbAQLP

exports[`Home scene - PageHeader component should render correctly 1`] = `
<Container
  alignItems="center"
  column={false}
  flex={false}
  spacing={0}
  style={
    Object {
      "height": "75px",
    }
  }
>
  <Column
    component={
      <WithStyles(GridWrapper)
        item={true}
      />
    }
    displayFlex={false}
    flex={true}
  >
    <Container
      alignItems="center"
      column={false}
      flex={false}
      spacing={8}
    >
      <Column
        component={
          <WithStyles(GridWrapper)
            item={true}
          />
        }
        displayFlex={false}
        flex={false}
      >
        <WithTheme(CircleIcon)
          circleColor="error"
          circleSize="30px"
          iconColor="white"
          iconSize="19px"
        >
          home
        </WithTheme(CircleIcon)>
      </Column>
      <Column
        component={
          <WithStyles(GridWrapper)
            item={true}
          />
        }
        displayFlex={false}
        flex={false}
      >
        <WithStyles(Typography)
          type="title"
        >
          Project List
        </WithStyles(Typography)>
      </Column>
    </Container>
  </Column>
  <Column
    component={
      <WithStyles(GridWrapper)
        item={true}
      />
    }
    displayFlex={false}
    flex={false}
  >
    <WithTheme(TextLink)
      style={
        Object {
          "color": "white",
        }
      }
      to={
        Object {
          "pathname": "/project/add",
          "state": Object {
            "userDefined": null,
          },
        }
      }
    >
      <WithTheme(Button)
        color="accent"
        value=" + Create new project"
      />
    </WithTheme(TextLink)>
  </Column>
</Container>
`;
