// Jest Snapshot v1, https://goo.gl/fbAQLP

exports[`Coding scene --- QuestionContent component should render correctly 1`] = `
<Container
  column={true}
  flex={true}
  spacing={0}
>
  <Row
    component={
      <WithStyles
        item={true}
      />
    }
    displayFlex={true}
    flex={false}
    style={
      Object {
        "padding": "20px 20px 10px 20px",
      }
    }
  >
    <Column
      component={
        <WithStyles
          item={true}
        />
      }
      displayFlex={false}
      flex={false}
    >
      <WithStyles
        type="subheading"
      >
        )
      </WithStyles>
    </Column>
    <Column
      component={
        <WithStyles
          item={true}
        />
      }
      displayFlex={false}
      flex={true}
      style={
        Object {
          "paddingLeft": 10,
        }
      }
    >
      <WithStyles
        type="subheading"
      >
        Are tags issued after rabies vaccination?
      </WithStyles>
    </Column>
  </Row>
  <Column
    component={
      <WithStyles
        item={true}
      />
    }
    displayFlex={true}
    flex={true}
    style={
      Object {
        "paddingBottom": 40,
        "paddingLeft": 40,
        "paddingRight": 65,
        "paddingTop": 0,
      }
    }
  >
    <Row
      component={
        <WithStyles
          item={true}
        />
      }
      displayFlex={true}
      flex={true}
      style={
        Object {
          "flexBasis": "50%",
          "overflow": "auto",
          "paddingLeft": 25,
        }
      }
    >
      <WithStyles
        choices={
          Array [
            Object {
              "id": 1010,
              "text": "Yes",
            },
            Object {
              "id": 1011,
              "text": "No",
            },
          ]
        }
        mergedUserQuestions={
          Object {
            "answers": Array [],
          }
        }
        onChange={[Function]}
        onChangePincite={[Function]}
        question={
          Object {
            "hint": "",
            "id": 1045341,
            "includeComment": false,
            "possibleAnswers": Array [
              Object {
                "id": 1010,
                "text": "Yes",
              },
              Object {
                "id": 1011,
                "text": "No",
              },
            ],
            "questionType": 1,
            "text": "Are tags issued after rabies vaccination?",
          }
        }
        userAnswers={Object {}}
      />
    </Row>
    <Row
      component={
        <WithStyles
          item={true}
        />
      }
      displayFlex={false}
      flex={true}
      style={
        Object {
          "paddingLeft": 25,
          "paddingTop": 30,
        }
      }
    />
  </Column>
</Container>
`;
