// Jest Snapshot v1, https://goo.gl/fbAQLP

exports[`Header -- AvatarMenu should render correctly 1`] = `
<WithStyles(Grid)
  item={true}
  style={
    Object {
      "zIndex": 2,
    }
  }
>
  <Manager>
    <Reference
      innerRef={[Function]}
    >
      <Component />
    </Reference>
    <Popper
      eventsEnabled={false}
      placement="bottom-end"
      style={
        Object {
          "pointerEvents": "none",
        }
      }
    >
      <Component />
    </Popper>
  </Manager>
</WithStyles(Grid)>
`;
