// Jest Snapshot v1, https://goo.gl/fbAQLP

exports[`Admin scene - PageHeader component should render correctly 1`] = `
<Container
  alignItems="center"
  column={false}
  flex={false}
  spacing={0}
  style={
    Object {
      "height": "75px",
    }
  }
>
  <Column
    component={
      <WithStyles
        item={true}
      />
    }
    displayFlex={false}
    flex={true}
  >
    <Container
      alignItems="center"
      column={false}
      flex={false}
      spacing={8}
    >
      <Column
        component={
          <WithStyles
            item={true}
          />
        }
        displayFlex={false}
        flex={false}
      >
        <WithTheme
          circleColor="error"
          circleSize="30px"
          iconColor="white"
          iconSize="19px"
        >
          face
        </WithTheme>
      </Column>
      <Column
        component={
          <WithStyles
            item={true}
          />
        }
        displayFlex={false}
        flex={false}
      >
        <WithStyles
          type="title"
        >
          User Management
        </WithStyles>
      </Column>
    </Container>
  </Column>
  <Column
    component={
      <WithStyles
        item={true}
      />
    }
    displayFlex={false}
    flex={false}
  >
    <WithTheme
      style={
        Object {
          "color": "white",
        }
      }
      to="/admin/new/user"
    >
      <WithTheme
        color="accent"
        value=" + Add new user"
      />
    </WithTheme>
  </Column>
</Container>
`;
