// Jest Snapshot v1, https://goo.gl/fbAQLP

exports[`CodingValidation should render Coding component correctly 1`] = `
<FlexGrid
  align="stretch"
  circular={false}
  className=""
  container={true}
  flex={true}
  justify="stretch"
  padding={0}
  raised={false}
  style={
    Object {
      "display": "flex",
      "flexWrap": "nowrap",
      "height": "100%",
      "position": "relative",
      "width": "100%",
    }
  }
  type="row"
>
  <Alert
    actions={
      Array [
        Object {
          "onClick": [Function],
          "type": "button",
          "value": "Cancel",
        },
        Object {
          "onClick": [Function],
          "type": "button",
          "value": "Continue",
        },
      ]
    }
    open={false}
    title={null}
  >
    <WithStyles(Typography)
      style={
        Object {
          "whiteSpace": "pre-wrap",
        }
      }
      variant="body1"
    >
      You are applying your answer to ALL categories. Previously answered questions will be changed.
    </WithStyles(Typography)>
  </Alert>
  <Alert
    actions={
      Array [
        Object {
          "onClick": [Function],
          "type": "button",
          "value": "Cancel",
        },
        Object {
          "onClick": [Function],
          "type": "button",
          "value": "Continue",
        },
      ]
    }
    open={false}
    title={null}
  >
    <WithStyles(Typography)
      style={
        Object {
          "whiteSpace": "pre-wrap",
        }
      }
      variant="body1"
    >
      Your answer to this question is still being saved. If you continue, your changes might not be saved.
    </WithStyles(Typography)>
  </Alert>
  <ApiErrorAlert
    actions={
      Array [
        Object {
          "onClick": [Function],
          "type": "button",
          "value": "Try Again",
        },
      ]
    }
    content={null}
    onCloseAlert={[Function]}
    open={false}
  />
  <ApiErrorAlert
    actions={Array []}
    content={null}
    onCloseAlert={[Function]}
    open={false}
  />
  <Connect(WithStyles(Navigator))
    handleQuestionSelected={[Function]}
    open={false}
    page="coding"
    selectedCategory={null}
  />
  <FlexGrid
    align="stretch"
    circular={false}
    container={true}
    flex={true}
    justify="stretch"
    padding={0}
    raised={false}
    style={
      Object {
        "flexWrap": "nowrap",
        "width": "100%",
      }
    }
    type="column"
  >
    <withRouter(WithTheme(Header))
      currentJurisdiction={
        Object {
          "id": 11,
        }
      }
      empty={false}
      onGoBack={[Function]}
      onJurisdictionChange={[Function]}
      pageTitle="Coding"
      projectId={1}
      projectName="Project Test"
    />
    <FlexGrid
      align="stretch"
      circular={false}
      container={true}
      flex={true}
      justify="stretch"
      padding={0}
      raised={false}
      style={
        Object {
          "backgroundColor": "#f5f5f5",
        }
      }
      type="row"
    >
      <FlexGrid
        align="stretch"
        circular={false}
        container={true}
        flex={true}
        justify="stretch"
        padding={0}
        raised={false}
        style={
          Object {
            "overflow": "auto",
          }
        }
        type="row"
      >
        <FlexGrid
          align="stretch"
          circular={false}
          container={false}
          flex={false}
          justify="stretch"
          padding={0}
          raised={false}
          style={Object {}}
          type="column"
        >
          <WithStyles(Tooltip)
            id="toggle-navigator"
            placement="right"
            text="Toggle Navigator"
          >
            <WithStyles(Button)
              aria-label="Toggle Navigator"
              onClick={[Function]}
              style={
                Object {
                  "backgroundColor": "#bdbdbd",
                  "borderRadius": "0 5px 5px 0",
                  "boxShadow": "0px 1px 5px 0px rgba(0, 0, 0, 0.2), 0px 2px 2px 0px rgba(0, 0, 0, 0.14), 0px 3px 1px -2px rgba(0, 0, 0, 0.12)",
                  "color": "#424242",
                  "height": 90,
                  "minHeight": "unset",
                  "minWidth": "unset",
                  "padding": 0,
                  "top": "35%",
                  "width": 20,
                }
              }
            >
              <WithTheme(Icon)
                color="#424242"
                style={
                  Object {
                    "transform": "rotate(90deg)",
                  }
                }
              >
                menu
              </WithTheme(Icon)>
            </WithStyles(Button)>
          </WithStyles(Tooltip)>
        </FlexGrid>
        <FlexGrid
          align="stretch"
          circular={false}
          container={true}
          flex={true}
          justify="stretch"
          padding={0}
          raised={false}
          style={
            Object {
              "minHeight": 500,
              "overflow": "auto",
              "padding": "1px 15px 20px 15px",
            }
          }
          type="row"
        >
          <Connect(QuestionCard)
            currentIndex={0}
            getNextQuestion={[Function]}
            getPrevQuestion={[Function]}
            onAnswer={[Function]}
            onChange={[Function]}
            onChangeCategory={[Function]}
            onChangeTextAnswer={[Function]}
            onClearAnswer={[Function]}
            onOpenAlert={[Function]}
            onOpenFlagConfirmAlert={[Function]}
            onSave={[Function]}
            onSaveFlag={[Function]}
            onToggleAnswerForAnno={[Function]}
            page="coding"
            showNextButton={false}
            totalLength={1}
          />
          <FlexGrid
            align="stretch"
            circular={false}
            container={false}
            flex={false}
            justify="stretch"
            padding={0}
            raised={false}
            style={
              Object {
                "width": 25,
              }
            }
            type="column"
          />
          <Connect(DocumentList)
            page="coding"
            projectId={1}
          />
        </FlexGrid>
      </FlexGrid>
    </FlexGrid>
  </FlexGrid>
  <Alert
    actions={
      Array [
        Object {
          "onClick": [Function],
          "type": "button",
          "value": "Cancel",
        },
        Object {
          "onClick": [Function],
          "type": "button",
          "value": "Yes",
        },
      ]
    }
    open={false}
    title={null}
  >
    <WithStyles(Typography)
      variant="body1"
    >
      Are you sure you want to clear this flag?
    </WithStyles(Typography)>
  </Alert>
  <ApiErrorAlert
    actions={Array []}
    content={null}
    onCloseAlert={[Function]}
    open={false}
  />
</FlexGrid>
`;
