// Jest Snapshot v1, https://goo.gl/fbAQLP

exports[`Home scene - AddEditJurisdictions scene should render correctly 1`] = `
<withStyles(Modal)
  hideOverflow={true}
  maxWidth="md"
  onClose={[Function]}
  open={true}
>
  <ModalTitle
    SearchBarProps={
      Object {
        "handleSearchValueChange": [Function],
        "placeholder": "Search",
        "searchValue": undefined,
        "style": Object {
          "paddingRight": 10,
        },
      }
    }
    buttons={
      <UNDEFINED>
        <div
          style={
            Object {
              "marginRight": 10,
            }
          }
        >
          <withTheme(TextLink)
            to={
              Object {
                "pathname": "/project/undefined/jurisdictions/add",
                "state": Object {
                  "preset": true,
                },
              }
            }
          >
            <withTheme(Button)
              aria-label="Load preset"
              color="accent"
              value="Load Preset"
            />
          </withTheme(TextLink)>
        </div>
        <div>
          <withTheme(TextLink)
            to={
              Object {
                "pathname": "/project/undefined/jurisdictions/add",
                "state": Object {
                  "preset": false,
                },
              }
            }
          >
            <withTheme(Button)
              aria-label="Add jurisidiction to project"
              color="accent"
              value="+ Add Jurisdiction"
            />
          </withTheme(TextLink)>
        </div>
      </UNDEFINED>
    }
    closeButton={false}
    edit={false}
    editButton={false}
    search={true}
    title={
      <withStyles(Typography)
        type="title"
      >
        <span
          style={
            Object {
              "paddingRight": 10,
            }
          }
        >
          Jurisdictions
        </span>
        <span
          style={
            Object {
              "color": "#048484",
            }
          }
        />
      </withStyles(Typography)>
    }
  />
  <withStyles(Divider) />
  <ModalContent
    style={
      Object {
        "display": "flex",
        "flexDirection": "column",
      }
    }
  >
    <Alert
      actions={
        Array [
          Object {
            "onClick": [Function],
            "type": "button",
            "value": "Cancel",
          },
          Object {
            "onClick": [Function],
            "type": "button",
            "value": "Continue",
          },
        ]
      }
      open={false}
      title={null}
    >
      <withStyles(Typography)
        style={
          Object {
            "whiteSpace": "pre-wrap",
          }
        }
        variant="body1"
      >
        Are you sure you want to delete the jurisdiction, 
        , from the project? All coded questions related to this jurisdiction will be deleted.
      </withStyles(Typography)>
    </Alert>
    <ApiErrorAlert
      actions={Array []}
      onCloseAlert={[Function]}
      open={false}
    />
    <Container
      column={false}
      flex={true}
      spacing={0}
      style={
        Object {
          "marginTop": 20,
        }
      }
    >
      <Column
        component={
          <withStyles(GridWrapper)
            item={true}
          />
        }
        displayFlex={true}
        flex={true}
        style={
          Object {
            "overflowX": "auto",
          }
        }
      >
        <JurisdictionList
          onDelete={[Function]}
        />
      </Column>
    </Container>
  </ModalContent>
  <withStyles(ModalActions)
    actions={
      Array [
        Object {
          "onClick": [Function],
          "otherProps": Object {
            "aria-label": "Close modal",
          },
          "type": "button",
          "value": "Close",
        },
      ]
    }
  />
</withStyles(Modal)>
`;
