// Jest Snapshot v1, https://goo.gl/fbAQLP

exports[`DocumentManagement - DocList - DocListTableRow should render correctly 1`] = `
<WithStyles(TableRow)>
  <WithStyles(TableCell)
    padding="checkbox"
  >
    <span>
      doc1
    </span>
  </WithStyles(TableCell)>
  <WithStyles(TableCell)
    padding="checkbox"
  >
    <span
      style={
        Object {
          "fontWeight": 500,
        }
      }
    >
      Test
       
      User
    </span>
  </WithStyles(TableCell)>
  <WithStyles(TableCell)
    padding="checkbox"
    style={
      Object {
        "maxWidth": 250,
        "overflow": "hidden",
        "padding": 18,
        "textOverflow": "ellipsis",
        "whiteSpace": "nowrap",
        "width": 250,
      }
    }
  >
    <span
      style={
        Object {
          "fontWeight": 500,
        }
      }
    >
      1/1/2000
    </span>
  </WithStyles(TableCell)>
</WithStyles(TableRow)>
`;
