// Jest Snapshot v1, https://goo.gl/fbAQLP

exports[`Coding scene - Navigator should render correctly 1`] = `
<WithStyles
  anchor="left"
  classes={
    Object {
      "paper": "",
    }
  }
  type="persistent"
>
  <Container
    column={true}
    flex={true}
    spacing={0}
  >
    <Row
      component={
        <WithStyles
          item={true}
        />
      }
      displayFlex={true}
      flex={false}
      style={
        Object {
          "alignItems": "center",
          "backgroundColor": "#373f41",
          "height": 60,
          "justifyContent": "center",
          "textTransform": "uppercase",
        }
      }
    >
      <WithStyles
        type="headline"
      >
        <span
          style={
            Object {
              "color": "white",
            }
          }
        >
          Code Navigator
        </span>
      </WithStyles>
    </Row>
    <div>
      <div
        style={
          Object {
            "display": "flex",
            "flex": 1,
          }
        }
      >
        <AutoSizer
          disableHeight={false}
          disableWidth={false}
          onResize={[Function]}
          style={Object {}}
        />
      </div>
    </div>
  </Container>
</WithStyles>
`;
