// Jest Snapshot v1, https://goo.gl/fbAQLP

exports[`Home scene - ProjectList component should render correctly 1`] = `
<Container
  column={true}
  flex={true}
  spacing={0}
>
  <Column
    component={<Card />}
    displayFlex={true}
    flex={true}
    style={
      Object {
        "overflowX": "auto",
      }
    }
  >
    <Container
      column={false}
      flex={false}
      spacing={0}
      style={
        Object {
          "justifyContent": "flex-end",
          "padding": 20,
        }
      }
    >
      <SearchBar
        containerStyles={
          Object {
            "justifyContent": "flex-end",
            "padding": 20,
          }
        }
        height={57}
        placeholder="Search"
      />
    </Container>
    <Table
      style={
        Object {
          "borderCollapse": "separate",
        }
      }
    >
      <WithStyles>
        <ProjectTableHead
          direction="asc"
          onRequestSort={[Function]}
          onSortBookmarked={[Function]}
          role="Coordinator"
          sortBy="name"
        />
      </WithStyles>
      <WithStyles>
        <Connect(ProjectRow)
          id={1}
          key="1"
        />
        <Connect(ProjectRow)
          id={2}
          key="2"
        />
      </WithStyles>
    </Table>
    <div
      style={
        Object {
          "display": "flex",
          "flex": 1,
          "paddingBottom": "50px",
        }
      }
    />
    <Table>
      <WithStyles>
        <WithStyles>
          <WithStyles
            onChangePage={[Function]}
            onChangeRowsPerPage={[Function]}
            page={0}
            rowsPerPage={10}
          />
        </WithStyles>
      </WithStyles>
    </Table>
  </Column>
</Container>
`;
