// Jest Snapshot v1, https://goo.gl/fbAQLP

exports[`Home scene - ProjectList component should render correctly 1`] = `
<Container
  column={true}
  flex={true}
  spacing={0}
>
  <Column
    component={<Card />}
    displayFlex={true}
    flex={true}
    style={
      Object {
        "overflow": "auto",
      }
    }
  >
    <Row
      component={
        <WithStyles(Grid)
          item={true}
        />
      }
      displayFlex={false}
      flex={false}
      reverse={false}
      style={
        Object {
          "alignSelf": "flex-end",
          "padding": 20,
        }
      }
    >
      <WithTheme(SearchBar)
        placeholder="Search"
      />
    </Row>
    <div
      style={
        Object {
          "display": "flex",
          "flex": 1,
          "flexDirection": "column",
        }
      }
    >
      <Table
        style={
          Object {
            "borderCollapse": "separate",
            "display": "block",
            "overflow": "unset",
            "tableLayout": "auto",
          }
        }
        summary="List of projects"
      >
        <WithStyles(TableHead)>
          <ProjectTableHead
            direction="asc"
            onRequestSort={[MockFunction]}
            onSortBookmarked={[MockFunction]}
            role="Coordinator"
            sortBy="name"
          />
        </WithStyles(TableHead)>
        <WithStyles(TableBody)>
          <Connect(WithTheme(ProjectRow))
            id={1}
            key="1"
            onExport={[MockFunction]}
          />
          <Connect(WithTheme(ProjectRow))
            id={2}
            key="2"
            onExport={[MockFunction]}
          />
        </WithStyles(TableBody)>
      </Table>
      <div
        style={
          Object {
            "display": "flex",
            "flex": 1,
            "paddingBottom": "50px",
          }
        }
      />
      <Table>
        <WithStyles(TableFooter)>
          <WithStyles(TableRow)>
            <WithStyles(TablePagination)
              onChangePage={[Function]}
              onChangeRowsPerPage={[Function]}
              page={0}
              rowsPerPage={10}
            />
          </WithStyles(TableRow)>
        </WithStyles(TableFooter)>
      </Table>
    </div>
  </Column>
</Container>
`;
