// Jest Snapshot v1, https://goo.gl/fbAQLP

exports[`Admin Scene it should render correctly 1`] = `
<Container
  column={true}
  flex={true}
  spacing={0}
>
  <PageHeader />
  <WithStyles(Divider) />
  <UserList
    count={6}
    direction="asc"
    handlePagechange={[Function]}
    handleRequestSort={[Function]}
    handleRowsChange={[Function]}
    page={0}
    rowsPerPage={10}
    sortBy="name"
  />
  <Route
    component={[Function]}
    path="/admin/new/user"
  />
  <Route
    component={[Function]}
    path="/admin/edit/user/:id"
  />
</Container>
`;
