// Jest Snapshot v1, https://goo.gl/fbAQLP

exports[`Admin Scene it should render correctly 1`] = `
<Container
  column={true}
  flex={true}
  spacing={0}
>
  <PageHeader />
  <withStyles(Divider) />
  <UserList
    count={1}
    handlePagechange={[Function]}
    handleRequestSort={[Function]}
    handleRowsChange={[Function]}
  />
  <Route
    component={[Function]}
    path="/admin/new/user"
  />
  <Route
    component={[Function]}
    path="/admin/edit/user/:id"
  />
</Container>
`;
