// Jest Snapshot v1, https://goo.gl/fbAQLP

exports[`Header should render correctly 1`] = `
<WithStyles(GridWrapper)
  alignItems="center"
  container={true}
  spacing={0}
  style={
    Object {
      "backgroundColor": "#4aac72",
      "height": "55px",
      "padding": "0 30px",
    }
  }
>
  <WithStyles(GridWrapper)
    item={true}
    xs={true}
  >
    <Link
      replace={false}
      style={
        Object {
          "textDecoration": "none",
        }
      }
      to="/"
    >
      <Logo
        fontSize="30px"
      />
    </Link>
  </WithStyles(GridWrapper)>
  <WithStyles(GridWrapper)
    item={true}
  >
    <WithStyles(GridWrapper)
      alignItems="center"
      container={true}
      spacing={8}
    >
      <WithStyles(GridWrapper)
        item={true}
      >
        <Greeting
          firstName="Test"
          lastName="User"
          role="Coordinator"
        />
      </WithStyles(GridWrapper)>
      <AvatarMenu
        initials="TU"
        menuAnchor={null}
        onCloseMenu={[Function]}
        onLogoutUser={[Function]}
        onOpenMenu={[Function]}
        open={false}
        role="Coordinator"
      />
    </WithStyles(GridWrapper)>
  </WithStyles(GridWrapper)>
</WithStyles(GridWrapper)>
`;
