// Jest Snapshot v1, https://goo.gl/fbAQLP

exports[`Home scene - ProjectList - ProjectRow component should render correctly 1`] = `
<TableRow
  key="1"
>
  <TableCell
    key="1-bookmarked"
    padding="checkbox"
    style={
      Object {
        "paddingLeft": 24,
        "width": 24,
      }
    }
  >
    <IconButton
      aria-label="Bookmark this project"
      color="#757575"
      iconSize={24}
      id="bookmark-project-1"
      onClick={[Function]}
      tooltipText="Bookmark project"
    >
      bookmark_border
    </IconButton>
  </TableCell>
  <TableCell
    key="1-name"
    padding="default"
    style={
      Object {
        "paddingRight": 24,
        "width": "15%",
      }
    }
  >
    <withTheme(TextLink)
      aria-label="Edit project details"
      to={
        Object {
          "pathname": "/project/edit/1",
          "state": Object {
            "modal": true,
            "projectDefined": Object {
              "dateLastEdited": 2017-10-11T00:00:00.000Z,
              "id": 1,
              "lastEditedBy": "Kristin",
              "name": "Project 1",
            },
          },
        }
      }
    >
      Project 1
    </withTheme(TextLink)>
  </TableCell>
  <TableCell
    key="1-dateLastEdited"
    padding="default"
    style={
      Object {
        "paddingRight": 24,
        "textAlign": "unset",
        "width": "unset",
      }
    }
  >
    10/11/2017, 12:00 AM
  </TableCell>
  <TableCell
    key="1-lastEditedBy"
    padding="default"
    style={
      Object {
        "paddingRight": 24,
        "width": "unset",
      }
    }
  >
    Kristin
  </TableCell>
  <TableCell
    key="1-protocol"
    padding="default"
    style={
      Object {
        "paddingRight": 24,
        "textAlign": "center",
        "width": "unset",
      }
    }
  >
    <withTheme(TextLink)
      aria-label="Add and edit project protocol"
      to="/project/1/protocol"
    >
      Edit
    </withTheme(TextLink)>
  </TableCell>
  <TableCell
    key="1-jurisdictions"
    padding="default"
    style={
      Object {
        "paddingRight": 24,
        "textAlign": "center",
      }
    }
  >
    <withTheme(TextLink)
      aria-label="Add and edit project jurisdictions"
      id={1}
      to={
        Object {
          "pathname": "/project/1/jurisdictions",
          "state": Object {
            "modal": true,
          },
        }
      }
    >
      Edit
    </withTheme(TextLink)>
  </TableCell>
  <TableCell
    key="1-codingScheme"
    padding="default"
    style={
      Object {
        "paddingRight": 24,
        "textAlign": "center",
      }
    }
  >
    <withTheme(TextLink)
      aria-label="Add and edit project coding scheme"
      to="/project/1/coding-scheme"
    >
      Edit
    </withTheme(TextLink)>
  </TableCell>
  <TableCell
    key="1-code"
    padding="checkbox"
    style={
      Object {
        "paddingRight": 6,
        "textAlign": "unset",
        "width": 56,
      }
    }
  >
    <withTheme(TextLink)
      to={
        Object {
          "pathname": "/project/1/code",
        }
      }
    >
      <withTheme(Button)
        aria-label="Code project"
        listButton={true}
        raised={false}
        value="Code"
      />
    </withTheme(TextLink)>
  </TableCell>
  <TableCell
    key="1-validation"
    padding="checkbox"
    style={
      Object {
        "paddingLeft": 6,
        "width": 56,
      }
    }
  >
    <withTheme(TextLink)
      to={
        Object {
          "pathname": "/project/1/validate",
        }
      }
    >
      <withTheme(Button)
        aria-label="Validate project"
        listButton={true}
        raised={false}
        value="Validate"
      />
    </withTheme(TextLink)>
  </TableCell>
  <TableCell
    key="1-export"
    padding="default"
    style={
      Object {
        "paddingLeft": 0,
        "paddingRight": 24,
        "textAlign": "center",
        "width": 40,
      }
    }
  >
    <IconButton
      aria-label="Export validated questions"
      color="#757575"
      iconSize={24}
      id="export-validated-1"
      onClick={[Function]}
      placement="top-end"
      tooltipText="Export validated questions"
    >
      file_download
    </IconButton>
  </TableCell>
</TableRow>
`;
