// Jest Snapshot v1, https://goo.gl/fbAQLP

exports[`Home scene - ProjectList - ProjectRow component should render correctly 1`] = `
<TableRow
  key="1"
>
  <TableCell
    key="1-bookmarked"
    padding="default"
    style={
      Object {
        "width": 48,
      }
    }
  >
    <IconButton
      color="#d4d4d4"
      iconSize={24}
      onClick={[Function]}
    >
      bookmark_border
    </IconButton>
  </TableCell>
  <TableCell
    key="1-name"
    padding="default"
  >
    <WithTheme
      to={
        Object {
          "pathname": "/project/edit/1",
          "state": Object {
            "projectDefined": Object {
              "dateLastEdited": 2017-10-11T00:00:00.000Z,
              "id": 1,
              "lastEditedBy": "Kristin",
              "name": "Project 1",
            },
          },
        }
      }
    >
      Project 1
    </WithTheme>
  </TableCell>
  <TableCell
    key="1-dateLastEdited"
    padding="default"
    style={
      Object {
        "textAlign": "unset",
      }
    }
  >
    2017-10-11
  </TableCell>
  <TableCell
    key="1-lastEditedBy"
    padding="default"
  >
    Kristin
  </TableCell>
  <TableCell
    key="1-protocol"
    padding="default"
    style={
      Object {
        "textAlign": "center",
      }
    }
  >
    <WithTheme
      to="/project/1/protocol"
    >
      Add/Edit
    </WithTheme>
  </TableCell>
  <TableCell
    key="1-jurisdictions"
    padding="default"
    style={
      Object {
        "textAlign": "center",
      }
    }
  >
    <WithTheme
      id={1}
      to="/project/1/jurisdictions"
    >
      Add/Edit
    </WithTheme>
  </TableCell>
  <TableCell
    key="1-codingScheme"
    padding="default"
    style={
      Object {
        "textAlign": "center",
      }
    }
  >
    <WithTheme
      to="/project/1/coding-scheme"
    >
      Edit
    </WithTheme>
  </TableCell>
  <TableCell
    key="1-code"
    padding="default"
    style={
      Object {
        "textAlign": "center",
      }
    }
  >
    <WithTheme
      to={
        Object {
          "pathname": "/project/1/code",
        }
      }
    >
      <WithTheme
        listButton={true}
        raised={false}
        value="Code"
      />
    </WithTheme>
  </TableCell>
  <TableCell
    key="1-validation"
    padding="default"
    style={
      Object {
        "textAlign": "center",
      }
    }
  >
    <WithTheme
      to={
        Object {
          "pathname": "/project/1/validate",
        }
      }
    >
      <WithTheme
        listButton={true}
        raised={false}
        value="Validate"
      />
    </WithTheme>
  </TableCell>
  <TableCell
    key="1-export"
    padding="default"
    style={
      Object {
        "textAlign": "center",
      }
    }
  >
    <IconButton
      color="#d4d4d4"
      iconSize={24}
      onClick={[Function]}
    >
      file_download
    </IconButton>
  </TableCell>
</TableRow>
`;
