// Jest Snapshot v1, https://goo.gl/fbAQLP

exports[`Home scene - ProjectList - ProjectRow component should render correctly 1`] = `
<WithStyles(TableRow)
  key="1"
>
  <WithStyles(TableCell)
    id="1-bookmarked"
    key="1-bookmarked"
    style={
      Object {
        "paddingLeft": 24,
        "paddingRight": 0,
        "width": "1%",
      }
    }
  >
    <IconButton
      aria-label="Bookmark this project"
      color="#757575"
      disabled={false}
      iconSize={24}
      id="bookmark-project-1"
      onClick={[Function]}
      tooltipText="Bookmark project"
    >
      bookmark_border
    </IconButton>
  </WithStyles(TableCell)>
  <WithStyles(TableCell)
    id="1-name"
    key="1-name"
    padding="checkbox"
  >
    <WithTheme(TextLink)
      aria-label="Edit project details"
      to={
        Object {
          "pathname": "/project/edit/1",
          "state": Object {
            "modal": true,
            "projectDefined": Object {
              "dateLastEdited": 2012-10-10T00:00:00.000Z,
              "id": 1,
              "lastEditedBy": "Kristin",
              "name": "Project 1",
            },
          },
        }
      }
    >
      Project 1
    </WithTheme(TextLink)>
  </WithStyles(TableCell)>
  <WithStyles(TableCell)
    id="1-dateLastEdited"
    key="1-dateLastEdited"
    padding="checkbox"
  >
    10/10/2012, 12:00 AM
  </WithStyles(TableCell)>
  <WithStyles(TableCell)
    id="1-lastEditedBy"
    key="1-lastEditedBy"
    padding="checkbox"
  >
    Kristin
  </WithStyles(TableCell)>
  <WithStyles(TableCell)
    id="1-protocol"
    key="1-protocol"
    padding="checkbox"
  >
    <WithTheme(TextLink)
      aria-label="Add and edit project protocol"
      to="/project/1/protocol"
    >
      Edit
    </WithTheme(TextLink)>
  </WithStyles(TableCell)>
  <WithStyles(TableCell)
    id="1-jurisdictions"
    key="1-jurisdictions"
    padding="checkbox"
  >
    <WithTheme(TextLink)
      aria-label="Add and edit project jurisdictions"
      id="1-edit-jurisdictions"
      to={
        Object {
          "pathname": "/project/1/jurisdictions",
          "state": Object {
            "modal": true,
          },
        }
      }
    >
      Edit
    </WithTheme(TextLink)>
  </WithStyles(TableCell)>
  <WithStyles(TableCell)
    id="1-coding-scheme"
    key="1-coding-scheme"
    padding="checkbox"
  >
    <WithTheme(TextLink)
      aria-label="Add and edit project coding scheme"
      to="/project/1/coding-scheme"
    >
      Edit
    </WithTheme(TextLink)>
  </WithStyles(TableCell)>
  <WithStyles(TableCell)
    id="1-code"
    key="1-code"
    padding="checkbox"
  >
    <WithTheme(Button)
      aria-label="Code project"
      component={[Function]}
      listButton={true}
      raised={false}
      to={
        Object {
          "pathname": "/project/1/code",
        }
      }
      value="Code"
    />
  </WithStyles(TableCell)>
  <WithStyles(TableCell)
    id="1-validate"
    key="1-validate"
    padding="checkbox"
  >
    <WithTheme(Button)
      aria-label="Validate project"
      component={[Function]}
      listButton={true}
      raised={false}
      to={
        Object {
          "pathname": "/project/1/validate",
        }
      }
      value="Validate"
    />
  </WithStyles(TableCell)>
  <WithStyles(TableCell)
    id="1-export"
    key="1-export"
    padding="checkbox"
  >
    <IconButton
      aria-label="Export validated questions"
      color="#757575"
      disabled={false}
      iconSize={24}
      id="export-validated-1"
      onClick={[Function]}
      placement="top-end"
      tooltipText="Export validated questions"
    >
      file_download
    </IconButton>
  </WithStyles(TableCell)>
</WithStyles(TableRow)>
`;
