// Jest Snapshot v1, https://goo.gl/fbAQLP

exports[`Avatar component should render correctly 1`] = `
<WithStyles(Avatar)
  style={
    Object {
      "backgroundColor": "#048484",
      "borderColor": "#048484",
      "color": "white",
      "fontSize": ".8rem",
      "height": "30px",
      "width": "30px",
    }
  }
  theme={
    Object {
      "palette": Object {
        "secondary": Object {
          "main": "#38a48e",
        },
      },
    }
  }
>
  AU
</WithStyles(Avatar)>
`;
