// Jest Snapshot v1, https://goo.gl/fbAQLP

exports[`Button component should render correctly 1`] = `
<WithStyles(Button)
  color="primary"
  disabled={false}
  onClick={[Function]}
  style={
    Object {
      "backgroundColor": "",
      "color": "white",
      "fontWeight": 400,
    }
  }
  variant="raised"
>
  I am a button
</WithStyles(Button)>
`;
