// Jest Snapshot v1, https://goo.gl/fbAQLP

exports[`Home scene - New Project scene should render correctly 1`] = `
<ModalForm
  actions={
    Array [
      Object {
        "onClick": [Function],
        "type": "button",
        "value": "Cancel",
      },
      Object {
        "disabled": false,
        "type": "submit",
        "value": "Create",
      },
    ]
  }
  asyncBlurFields={
    Array [
      "name",
    ]
  }
  asyncValidate={[Function]}
  form="newProject"
  handleSubmit={[Function]}
  height="400px"
  open={true}
  title="Create New Project"
  width="600px"
>
  <Container
    column={true}
    flex={false}
    spacing={0}
    style={
      Object {
        "minHeight": 230,
        "minWidth": 550,
        "padding": "30px 15px",
      }
    }
  >
    <Row
      displayFlex={false}
      flex={false}
      style={
        Object {
          "paddingBottom": "20px",
        }
      }
    >
      <Field
        component={[Function]}
        fullWidth={true}
        label="Project Name"
        name="name"
        placeholder="Enter Project Name"
        validate={[Function]}
      />
    </Row>
    <Row
      displayFlex={false}
      flex={false}
    >
      <Field
        component={[Function]}
        defaultValue={1}
        id="type"
        label="Type"
        name="type"
        options={
          Array [
            Object {
              "label": "Assessment",
              "value": 1,
            },
            Object {
              "label": "Policy Surveillance",
              "value": 2,
            },
            Object {
              "label": "Environmental Scan",
              "value": 3,
            },
          ]
        }
        style={
          Object {
            "display": "flex",
          }
        }
      />
    </Row>
  </Container>
</ModalForm>
`;
