// Jest Snapshot v1, https://goo.gl/fbAQLP

exports[`Document Management - Upload - FileRow should render correctly 1`] = `
<Grid
  align="center"
  circular={false}
  container={true}
  flex={false}
  justify="stretch"
  padding="10px 0"
  raised={false}
  style={
    Object {
      "backgroundColor": "#fff",
    }
  }
  type="row"
>
  <WithTheme(Icon)
    size={32}
    style={
      Object {
        "padding": "0 20px",
      }
    }
  >
    library_books
  </WithTheme(Icon)>
  <Grid
    align="stretch"
    circular={false}
    container={true}
    flex={true}
    justify="stretch"
    padding={0}
    raised={false}
    style={
      Object {
        "display": "inline-flex",
        "position": "relative",
      }
    }
    type="column"
  >
    <WithStyles(Typography)
      style={
        Object {
          "color": "#9e9e9e",
          "fontSize": ".65rem",
          "marginBottom": 2,
        }
      }
      variant="caption"
    >
      File Name
    </WithStyles(Typography)>
    <WithStyles(Typography)>
      filename
    </WithStyles(Typography)>
  </Grid>
  <Grid
    align="flex-end"
    circular={false}
    container={true}
    flex={true}
    justify="stretch"
    padding={0}
    raised={false}
    style={
      Object {
        "margin": "0 0 0 20px",
        "maxWidth": "40%",
        "minWidth": "40%",
      }
    }
    type="row"
  >
    <WithTheme(Icon)
      color="#949494"
      size={28}
      style={
        Object {
          "marginRight": 5,
        }
      }
    >
      local_offer
    </WithTheme(Icon)>
    <Grid
      align="stretch"
      circular={false}
      container={true}
      flex={true}
      justify="stretch"
      padding={0}
      raised={false}
      style={
        Object {
          "display": "inline-flex",
          "position": "relative",
        }
      }
      type="column"
    >
      <WithStyles(Typography)
        style={
          Object {
            "color": "#9e9e9e",
            "fontSize": ".65rem",
            "marginBottom": 2,
          }
        }
        variant="caption"
      >
        Tags
      </WithStyles(Typography)>
      <WithStyles(ChipInput)
        chipRenderer={[Function]}
        classes={
          Object {
            "chip": Object {},
            "chipContainer": Object {},
          }
        }
        color="secondary"
        fullWidth={true}
        onAdd={[Function]}
        onDelete={[Function]}
        placeholder="Enter tags"
        value={Array []}
      />
    </Grid>
  </Grid>
  <IconButton
    color="primary"
    disabled={false}
    iconSize={24}
    onClick={[Function]}
    style={
      Object {
        "margin": "0 20px",
      }
    }
    tooltipText=""
  >
    cancel
  </IconButton>
</Grid>
`;
