// Jest Snapshot v1, https://goo.gl/fbAQLP

exports[`Home scene - ProjectList - ProjectTableHead component should render correctly 1`] = `
<TableRow
  key="headers"
>
  <TableCell
    id="bookmarked"
    key="bookmarked"
    padding="checkbox"
    scope="col"
  >
    <IconButton
      color="#757575"
      disabled={false}
      iconSize={24}
      id="sort-bookmarked"
      onClick={[Function]}
      placement="top-start"
      tooltipText="Sort bookmarked"
    >
      bookmark_border
    </IconButton>
  </TableCell>
  <TableCell
    id="name"
    key="name"
    padding="checkbox"
    scope="col"
  >
    <WithStyles(Tooltip)
      id="sort-by-name"
      text="Sort by Name"
    >
      <WithStyles(TableSortLabel)
        active={false}
        direction="desc"
        onClick={[Function]}
        style={
          Object {
            "color": "inherit",
          }
        }
      >
        Name
      </WithStyles(TableSortLabel)>
    </WithStyles(Tooltip)>
  </TableCell>
  <TableCell
    id="dateLastEdited"
    key="dateLastEdited"
    padding="checkbox"
    scope="col"
  >
    <WithStyles(Tooltip)
      id="sort-by-dateLastEdited"
      text="Sort by Date Last Edited"
    >
      <WithStyles(TableSortLabel)
        active={true}
        direction="desc"
        onClick={[Function]}
        style={
          Object {
            "color": "inherit",
          }
        }
      >
        Date Last Edited
      </WithStyles(TableSortLabel)>
    </WithStyles(Tooltip)>
  </TableCell>
  <TableCell
    id="lastEditedBy"
    key="lastEditedBy"
    padding="checkbox"
    scope="col"
  >
    <WithStyles(Tooltip)
      id="sort-by-lastEditedBy"
      text="Sort by Last Edited By"
    >
      <WithStyles(TableSortLabel)
        active={false}
        direction="desc"
        onClick={[Function]}
        style={
          Object {
            "color": "inherit",
          }
        }
      >
        Last Edited By
      </WithStyles(TableSortLabel)>
    </WithStyles(Tooltip)>
  </TableCell>
  <TableCell
    id="protocol"
    key="protocol"
    padding="checkbox"
    scope="col"
  >
    Protocol
  </TableCell>
  <TableCell
    id="jurisdictions"
    key="jurisdictions"
    padding="checkbox"
    scope="col"
  >
    Jurisdictions
  </TableCell>
  <TableCell
    id="codingScheme"
    key="codingScheme"
    padding="checkbox"
    scope="col"
  >
    Coding Scheme
  </TableCell>
  <TableCell
    id="code"
    key="code"
    padding="checkbox"
    scope="col"
  />
  <TableCell
    id="validate"
    key="validate"
    padding="checkbox"
    scope="col"
  />
  <TableCell
    id="export"
    key="export"
    padding="checkbox"
    scope="col"
  >
    Export
  </TableCell>
</TableRow>
`;
