// Jest Snapshot v1, https://goo.gl/fbAQLP

exports[`Home scene - ProjectList - ProjectTableHead component should render correctly 1`] = `
<TableRow
  key="headers"
>
  <TableCell
    key="bookmarked"
    padding="checkbox"
    style={
      Object {
        "paddingLeft": 24,
        "width": 24,
      }
    }
  >
    <IconButton
      aria-label="Sort bookmarked"
      color="#757575"
      iconSize={24}
      id="sort-bookmarked"
      onClick={[Function]}
      placement="top-start"
      tooltipText="Sort bookmarked"
    >
      bookmark_border
    </IconButton>
  </TableCell>
  <TableCell
    key="name"
    padding="default"
    style={
      Object {
        "paddingRight": 24,
        "width": "15%",
      }
    }
  >
    <WithStyles
      aria-label="Sort by Name"
      id="sort-by-name"
      text="Sort by Name"
    >
      <WithStyles
        active={false}
        direction="desc"
        onClick={[Function]}
        style={
          Object {
            "color": "inherit",
          }
        }
      >
        Name
      </WithStyles>
    </WithStyles>
  </TableCell>
  <TableCell
    key="dateLastEdited"
    padding="default"
    style={
      Object {
        "paddingRight": 24,
      }
    }
  >
    <WithStyles
      aria-label="Sort by Date Last Edited"
      id="sort-by-dateLastEdited"
      text="Sort by Date Last Edited"
    >
      <WithStyles
        active={true}
        direction="desc"
        onClick={[Function]}
        style={
          Object {
            "color": "inherit",
          }
        }
      >
        Date Last Edited
      </WithStyles>
    </WithStyles>
  </TableCell>
  <TableCell
    key="lastEditedBy"
    padding="default"
    style={
      Object {
        "paddingRight": 24,
      }
    }
  >
    <WithStyles
      aria-label="Sort by Last Edited By"
      id="sort-by-lastEditedBy"
      text="Sort by Last Edited By"
    >
      <WithStyles
        active={false}
        direction="desc"
        onClick={[Function]}
        style={
          Object {
            "color": "inherit",
          }
        }
      >
        Last Edited By
      </WithStyles>
    </WithStyles>
  </TableCell>
  <TableCell
    key="protocol"
    padding="default"
    style={
      Object {
        "paddingRight": 24,
        "textAlign": "center",
      }
    }
  >
    Protocol
  </TableCell>
  <TableCell
    key="jurisdictions"
    padding="default"
    style={
      Object {
        "paddingRight": 24,
        "textAlign": "center",
      }
    }
  >
    Jurisdictions
  </TableCell>
  <TableCell
    key="codingScheme"
    padding="default"
    style={
      Object {
        "paddingRight": 24,
        "textAlign": "center",
      }
    }
  >
    Coding Scheme
  </TableCell>
  <TableCell
    key="code"
    padding="checkbox"
    style={
      Object {
        "paddingRight": 6,
        "width": 56,
      }
    }
  />
  <TableCell
    key="validate"
    padding="checkbox"
    style={
      Object {
        "paddingLeft": 6,
        "width": 56,
      }
    }
  />
  <TableCell
    key="export"
    padding="default"
    style={
      Object {
        "paddingLeft": 0,
        "paddingRight": 24,
        "textAlign": "center",
        "width": "1%",
      }
    }
  >
    Export
  </TableCell>
</TableRow>
`;
