// Jest Snapshot v1, https://goo.gl/fbAQLP

exports[`HeaderedLayout it should render correctly 1`] = `
<withStyles(GridWrapper)
  container={true}
  direction="column"
  spacing={0}
  style={
    Object {
      "flex": "1",
    }
  }
>
  <withTheme(Header)
    handleCloseMenu={[Function]}
    handleLogoutUser={[Function]}
    handleOpenMenu={[Function]}
    menuAnchor={null}
    open={false}
  />
  <withStyles(GridWrapper)
    container={true}
    spacing={0}
    style={
      Object {
        "backgroundColor": "#f5f5f5",
        "flex": "1",
        "padding": "0 27px 37px 27px",
      }
    }
  />
</withStyles(GridWrapper)>
`;
