// Jest Snapshot v1, https://goo.gl/fbAQLP

exports[`Coding scene --- QuestionCard component should render correctly 1`] = `
<Row
  component={
    <WithStyles
      item={true}
    />
  }
  displayFlex={true}
  flex={false}
  style={
    Object {
      "flex": "1 0 50%",
    }
  }
>
  <Column
    component={<Card />}
    displayFlex={true}
    flex={true}
  >
    <Row
      component={
        <WithStyles
          item={true}
        />
      }
      displayFlex={true}
      flex={false}
      style={
        Object {
          "alignItems": "center",
          "height": 42,
          "justifyContent": "flex-end",
          "paddingRight": 15,
        }
      }
    >
      <IconButton
        color="white"
        iconSize={24}
        onClick={[Function]}
      >
        <Component
          aria-labelledby="Clear answer"
        />
      </IconButton>
      <IconButton
        color="#d7e0e4"
        iconSize={24}
      >
        flag
      </IconButton>
    </Row>
    <WithStyles />
    <QuestionContent
      onChange={[Function]}
      onChangeTextAnswer={[Function]}
      question={Object {}}
      userAnswers={Object {}}
    />
  </Column>
</Row>
`;
