// Jest Snapshot v1, https://goo.gl/fbAQLP

exports[`Home scene - AddEditJurisdictions - JurisdictionList should render correctly 1`] = `
<Table>
  <withStyles(TableHead)>
    <withStyles(TableRow)
      key="jurisdiction-header"
    >
      <withStyles(TableCell)
        key="segment-name"
      >
        Jurisdiction
      </withStyles(TableCell)>
      <withStyles(TableCell)
        key="segment-start"
      >
        Segment Start Date
      </withStyles(TableCell)>
      <withStyles(TableCell)
        key="segment-end"
      >
        Segment End Date
      </withStyles(TableCell)>
      <withStyles(TableCell)
        key="segment-edit"
      >
        Edit
      </withStyles(TableCell)>
    </withStyles(TableRow)>
  </withStyles(TableHead)>
  <withStyles(TableBody) />
</Table>
`;
