// Jest Snapshot v1, https://goo.gl/fbAQLP

exports[`Document Management - Upload - InputFileContainer should render correctly 1`] = `
<form
  encType="multipart/form-data"
  style={
    Object {
      "margin": "20px 0",
    }
  }
>
  <Grid
    align="center"
    circular={false}
    container={true}
    flex={false}
    justify="flex-start"
    padding={0}
    raised={false}
    style={
      Object {
        "backgroundColor": "#f5fafa",
        "border": "3px dashed #99D0E9",
        "borderRadius": 4,
        "height": 64,
        "paddingLeft": 10,
      }
    }
    type="row"
  >
    <WithTheme(Button)
      color="white"
      onClick={[Function]}
      raised={true}
      textColor="black"
      value="Select files"
    />
    <Grid
      align="stretch"
      circular={false}
      container={true}
      flex={true}
      justify="stretch"
      padding={0}
      raised={false}
      style={
        Object {
          "height": "100%",
          "position": "relative",
        }
      }
      type="row"
    >
      <input
        multiple={true}
        onChange={[Function]}
        style={
          Object {
            "height": "100%",
            "opacity": 0,
            "position": "absolute",
            "width": "100%",
          }
        }
        type="file"
      />
      <WithStyles(Typography)
        style={
          Object {
            "alignSelf": "center",
            "color": "#646465",
            "marginLeft": 10,
          }
        }
        variant="body2"
      >
        or drag and drop files here
      </WithStyles(Typography)>
    </Grid>
  </Grid>
</form>
`;
