// Jest Snapshot v1, https://goo.gl/fbAQLP

exports[`PDFViewer component should render correctly 1`] = `
<div
  className="pdfViewer"
  id="viewContainer"
>
  <Alert
    actions={
      Array [
        Object {
          "onClick": [Function],
          "type": "button",
          "value": "Delete",
        },
      ]
    }
    closeButton={Object {}}
    hideClose={false}
    onCloseAlert={[Function]}
    open={false}
    title="Confirm deletion"
  >
    <WithStyles(Typography)
      style={
        Object {
          "whiteSpace": "pre-wrap",
        }
      }
      variant="body1"
    >
      Do you want to delete this annotation?
    </WithStyles(Typography)>
  </Alert>
  <Alert
    actions={Array []}
    closeButton={
      Object {
        "value": "Dismiss",
      }
    }
    hideClose={false}
    onCloseAlert={[Function]}
    open={false}
    title="Are you trying to annotate?"
  >
    <WithStyles(Typography)
      style={
        Object {
          "whiteSpace": "pre-wrap",
        }
      }
      variant="body1"
    >
      If you are trying to annotate, you need to enable annotation mode for a selected answer choice. You can enable annotation mode by clicking the 'Annotate' button next to an answer choice.
    </WithStyles(Typography)>
    <WithStyles(CheckboxLabel)
      input={
        Object {
          "onChange": [Function],
          "value": false,
        }
      }
      label="Don't show me this message again."
    />
  </Alert>
  <FlexGrid
    align="center"
    circular={false}
    container={true}
    flex={true}
    justify="center"
    padding={0}
    raised={false}
    style={
      Object {
        "height": "100%",
      }
    }
    type="column"
  >
    <CircularLoader
      color="primary"
      thickness={5}
      type="indeterminate"
    />
  </FlexGrid>
</div>
`;
