// Jest Snapshot v1, https://goo.gl/fbAQLP

exports[`Home scene - AddEditProject scene should render correctly 1`] = `
<Fragment>
  <Alert
    actions={
      Array [
        Object {
          "onClick": [Function],
          "type": "button",
          "value": "Delete",
        },
      ]
    }
    closeButton={Object {}}
    hideClose={false}
    onCloseAlert={[Function]}
    open={false}
    title=""
  >
    <WithStyles(Typography)
      variant="body1"
    />
  </Alert>
  <FormModal
    asyncBlurFields={
      Array [
        "name",
      ]
    }
    asyncValidate={[Function]}
    form="projectForm"
    formStyle={
      Object {
        "display": "flex",
        "flexDirection": "column",
        "height": "100%",
      }
    }
    handleSubmit={[Function]}
    initialValues={Object {}}
    maxWidth="lg"
    open={true}
    style={
      Object {
        "height": "90%",
        "width": "80%",
      }
    }
  >
    <ModalTitle
      closeButton={false}
      onCloseForm={[Function]}
      title="Create New Project"
    />
    <WithStyles(Divider) />
    <ModalContent>
      <FlexGrid
        align="stretch"
        circular={false}
        container={true}
        flex={false}
        justify="stretch"
        padding="30px 15px 0"
        raised={false}
        style={
          Object {
            "minHeight": 230,
            "minWidth": 500,
          }
        }
        type="column"
      >
        <DetailRow
          component={[Function]}
          fullWidth={true}
          label="Project Name"
          name="name"
          placeholder="Enter Project Name"
          required={true}
          shrinkLabel={true}
          validate={[Function]}
        />
        <DetailRow
          component={[Function]}
          defaultValue={1}
          id="type"
          label="Type"
          name="type"
          options={
            Array [
              Object {
                "label": "Legal Scan",
                "value": 1,
              },
              Object {
                "label": "Policy Surveillance",
                "value": 2,
              },
            ]
          }
          required={true}
          shrinkLabel={false}
          style={
            Object {
              "display": "flex",
            }
          }
        />
        <FlexGrid
          align="stretch"
          circular={false}
          container={true}
          flex={false}
          justify="stretch"
          padding="0 0 25px"
          raised={false}
          style={Object {}}
          type="column"
        >
          <WithStyles(InputLabel)>
            Project Users
          </WithStyles(InputLabel)>
          <FlexGrid
            align="stretch"
            circular={false}
            container={false}
            flex={false}
            justify="stretch"
            padding="6px 0px"
            raised={false}
            style={
              Object {
                "borderBottom": "",
              }
            }
            type="column"
          />
        </FlexGrid>
        <FlexGrid
          align="stretch"
          circular={false}
          container={true}
          flex={false}
          justify="stretch"
          padding={0}
          raised={false}
          style={Object {}}
          type="column"
        >
          <WithStyles(InputLabel)
            shrink={true}
          >
            Add New User
          </WithStyles(InputLabel)>
          <WithStyles(Autocomplete)
            InputProps={
              Object {
                "placeholder": "Search for user by name",
              }
            }
            handleClearSuggestions={[Function]}
            handleGetSuggestions={[Function]}
            handleSuggestionSelected={[Function]}
            inputProps={
              Object {
                "id": "add-user-name",
                "onChange": [Function],
                "value": undefined,
              }
            }
            name="name"
          />
        </FlexGrid>
      </FlexGrid>
    </ModalContent>
    <WithStyles(ModalActions)
      actions={
        Array [
          Object {
            "onClick": [Function],
            "otherProps": Object {
              "aria-label": "Cancel edit view",
            },
            "type": "button",
            "value": "Cancel",
          },
          Object {
            "disabled": undefined,
            "otherProps": Object {
              "aria-label": "Save form",
            },
            "type": "submit",
            "value": <React.Fragment>
              Create
            </React.Fragment>,
          },
        ]
      }
    />
  </FormModal>
</Fragment>
`;
