// Jest Snapshot v1, https://goo.gl/fbAQLP

exports[`Coding scene --- Header component should render correctly 1`] = `
<AppBar>
  <WithStyles
    color="inherit"
    style={
      Object {
        "flex": 1,
      }
    }
    type="title"
  >
    <span
      style={
        Object {
          "color": "#0faee6",
        }
      }
    >
      Test Project
    </span>
    <span />
    <WithStyles
      style={
        Object {
          "marginLeft": "48px",
        }
      }
    />
  </WithStyles>
  <Column
    component={
      <WithStyles
        item={true}
      />
    }
    displayFlex={false}
    flex={true}
  >
    <WithStyles
      color="default"
      type="caption"
    >
      Segment start 
      2018-1-1
    </WithStyles>
    <WithStyles
      color="default"
      type="caption"
    >
      Segment end 
      2018-1-18
    </WithStyles>
  </Column>
  <WithTheme
    style={
      Object {
        "backgroundColor": "white",
        "color": "black",
        "fontWeight": "bold",
      }
    }
    value="View/Edit Protocol"
  />
</AppBar>
`;
