// Jest Snapshot v1, https://goo.gl/fbAQLP

exports[`DocumentManagement - DocList - DocListTableRow should render correctly 1`] = `
<WithStyles(TableRow)>
  <WithStyles(TableCell)
    style={
      Object {
        "paddingLeft": 24,
        "paddingRight": 0,
        "width": "1%",
      }
    }
  >
    <WithStyles(CheckboxLabel)
      input={
        Object {
          "onChange": [Function],
          "value": false,
        }
      }
    />
  </WithStyles(TableCell)>
  <WithStyles(TableCell)
    padding="checkbox"
    style={
      Object {
        "maxWidth": 250,
        "overflow": "hidden",
        "padding": 18,
        "textOverflow": "ellipsis",
        "whiteSpace": "nowrap",
        "width": 250,
      }
    }
  >
    <WithTheme(TextLink)
      to={
        Object {
          "pathname": "/docs/undefined/view",
          "state": Object {
            "document": Object {
              "jurisdictions": Array [
                "Ohio (state)",
                "Georgia (state)",
              ],
              "name": "doc1",
              "projects": Array [
                "Project 1",
                "Project 2",
              ],
              "uploadedBy": Object {
                "firstName": "Test",
                "lastName": "User",
              },
              "uploadedDate": "2000-1-1",
            },
          },
        }
      }
    >
      doc1
    </WithTheme(TextLink)>
  </WithStyles(TableCell)>
  <WithStyles(TableCell)
    padding="checkbox"
    style={
      Object {
        "width": 90,
      }
    }
  >
    Test
     
    User
  </WithStyles(TableCell)>
  <WithStyles(TableCell)
    padding="checkbox"
    style={
      Object {
        "width": 50,
      }
    }
  >
    12/31/1999
  </WithStyles(TableCell)>
  <WithStyles(TableCell)
    padding="checkbox"
    style={
      Object {
        "maxWidth": 250,
        "overflow": "hidden",
        "padding": 18,
        "textOverflow": "ellipsis",
        "whiteSpace": "nowrap",
        "width": 250,
      }
    }
  >
    P1, P2
  </WithStyles(TableCell)>
  <WithStyles(TableCell)
    padding="checkbox"
    style={
      Object {
        "maxWidth": 250,
        "overflow": "hidden",
        "padding": 18,
        "paddingRight": 24,
        "textOverflow": "ellipsis",
        "whiteSpace": "nowrap",
        "width": 250,
      }
    }
  >
    J1, J2
  </WithStyles(TableCell)>
</WithStyles(TableRow)>
`;
