// Jest Snapshot v1, https://goo.gl/fbAQLP

exports[`DocumentManagement - DocList - DocListTableRow should render correctly 1`] = `
<WithStyles(TableRow)>
  <WithStyles(TableCell)
    padding="checkbox"
    style={
      Object {
        "paddingLeft": 24,
        "paddingRight": 0,
        "width": "1%",
      }
    }
  >
    <WithStyles(CheckboxLabel)
      input={
        Object {
          "onChange": [Function],
          "value": false,
        }
      }
    />
  </WithStyles(TableCell)>
  <WithStyles(TableCell)
    padding="checkbox"
  >
    <WithTheme(TextLink)
      to={
        Object {
          "pathname": "/docs/undefined/view",
          "state": Object {
            "document": Object {
              "jurisdictions": Array [],
              "name": "doc1",
              "projects": Array [],
              "uploadedBy": Object {
                "firstName": "Test",
                "lastName": "User",
              },
              "uploadedDate": "1/1/2000",
            },
          },
        }
      }
    >
      doc1
    </WithTheme(TextLink)>
  </WithStyles(TableCell)>
  <WithStyles(TableCell)
    padding="checkbox"
  >
    Test
     
    User
  </WithStyles(TableCell)>
  <WithStyles(TableCell)
    padding="checkbox"
  >
    12/31/1999, 7:00 PM
  </WithStyles(TableCell)>
  <WithStyles(TableCell)
    padding="checkbox"
  >
    P1, P2
  </WithStyles(TableCell)>
  <WithStyles(TableCell)
    padding="checkbox"
  >
    J1, J2
  </WithStyles(TableCell)>
</WithStyles(TableRow)>
`;
