// Jest Snapshot v1, https://goo.gl/fbAQLP

exports[`Header -- AvatarMenu should render correctly 1`] = `
<withStyles(GridWrapper)
  item={true}
  style={
    Object {
      "zIndex": 2,
    }
  }
>
  <Manager
    tag="div"
  >
    <Target>
      <withTheme(Avatar)
        aria-controls="avatar-menu"
        aria-haspopup={true}
        aria-owns={null}
        id="avatar-menu-button"
        initials="TU"
        onClick={[Function]}
        onKeyPress={[Function]}
        role="button"
        style={
          Object {
            "cursor": "pointer",
          }
        }
        tabIndex={0}
      />
    </Target>
    <Popper
      component="div"
      eventsEnabled={false}
      modifiers={Object {}}
      placement="bottom-end"
      style={
        Object {
          "pointerEvents": "none",
        }
      }
    />
  </Manager>
</withStyles(GridWrapper)>
`;
