// Jest Snapshot v1, https://goo.gl/fbAQLP

exports[`CardError component should render correctly 1`] = `
<Card
  style={
    Object {
      "display": "flex",
    }
  }
>
  <withStyles(GridWrapper)
    alignItems="center"
    container={true}
    justify="center"
    spacing={0}
    style={
      Object {
        "flex": "1",
      }
    }
  >
    <withStyles(GridWrapper)
      alignItems="center"
      container={true}
      direction="column"
      spacing={0}
    >
      <withStyles(GridWrapper)
        item={true}
      >
        <withTheme(Icon)
          color="#757575"
          size={175}
        >
          sentiment_very_dissatisfied
        </withTheme(Icon)>
      </withStyles(GridWrapper)>
      <withStyles(GridWrapper)
        item={true}
      >
        <withStyles(Typography)
          style={
            Object {
              "height": 300,
              "textAlign": "center",
              "width": 800,
            }
          }
          type="display2"
        >
          <div>
            I am a card error.
          </div>
        </withStyles(Typography)>
      </withStyles(GridWrapper)>
    </withStyles(GridWrapper)>
  </withStyles(GridWrapper)>
</Card>
`;
