// Jest Snapshot v1, https://goo.gl/fbAQLP

exports[`DocumentList should render DocumentList component correctly 1`] = `
<FlexGrid
  align="stretch"
  circular={false}
  container={true}
  flex={true}
  justify="stretch"
  padding={0}
  raised={true}
  style={
    Object {
      "overflow": "hidden",
    }
  }
  type="column"
>
  <FlexGrid
    align="center"
    circular={false}
    container={true}
    flex={false}
    justify="space-between"
    padding="0 15px"
    raised={false}
    style={
      Object {
        "height": 55,
        "maxHeight": 55,
        "minHeight": 55,
      }
    }
    type="row"
  >
    <WithStyles(Typography)
      style={
        Object {
          "alignItems": "center",
          "display": "flex",
          "fontSize": "1.125rem",
          "fontWeight": 500,
          "letterSpacing": 0,
        }
      }
      variant="subheading"
    >
      Assigned Documents
    </WithStyles(Typography)>
  </FlexGrid>
  <WithStyles(Divider) />
  <FlexGrid
    align="stretch"
    circular={false}
    container={true}
    flex={true}
    justify="stretch"
    padding={0}
    raised={false}
    style={
      Object {
        "height": "100%",
        "overflow": "auto",
      }
    }
    type="column"
  >
    <FlexGrid
      align="center"
      circular={false}
      container={true}
      flex={false}
      justify="stretch"
      padding={10}
      raised={false}
      style={Object {}}
      type="row"
    >
      <WithStyles(Typography)>
        1
        .
      </WithStyles(Typography)>
      <WithStyles(Typography)
        style={
          Object {
            "color": "#048484",
            "cursor": "pointer",
            "paddingLeft": 5,
            "paddingRight": 5,
          }
        }
      >
        <span
          onClick={[Function]}
          style={
            Object {
              "paddingRight": 10,
            }
          }
        >
          doc1
        </span>
      </WithStyles(Typography)>
    </FlexGrid>
    <WithStyles(Divider) />
    <FlexGrid
      align="center"
      circular={false}
      container={true}
      flex={false}
      justify="stretch"
      padding={10}
      raised={false}
      style={Object {}}
      type="row"
    >
      <WithStyles(Typography)>
        2
        .
      </WithStyles(Typography)>
      <WithStyles(Typography)
        style={
          Object {
            "color": "#048484",
            "cursor": "pointer",
            "paddingLeft": 5,
            "paddingRight": 5,
          }
        }
      >
        <span
          onClick={[Function]}
          style={
            Object {
              "paddingRight": 10,
            }
          }
        >
          doc1
        </span>
      </WithStyles(Typography)>
    </FlexGrid>
    <WithStyles(Divider) />
  </FlexGrid>
</FlexGrid>
`;
