// Jest Snapshot v1, https://goo.gl/fbAQLP

exports[`Coding scene --- Header component should render correctly 1`] = `
<Container
  alignItems="center"
  column={false}
  flex={false}
  spacing={0}
  style={
    Object {
      "padding": "20px 27px",
    }
  }
>
  <Column
    component={
      <WithStyles
        item={true}
      />
    }
    displayFlex={false}
    flex={false}
    style={
      Object {
        "display": "flex",
        "paddingRight": 5,
      }
    }
  >
    <IconButton
      aria-label="Go back"
      color="black"
      iconSize={30}
      onClick={[Function]}
      tooltipText=""
    >
      arrow_back
    </IconButton>
  </Column>
  <Row
    component={
      <WithStyles
        item={true}
      />
    }
    displayFlex={true}
    flex={false}
  >
    <WithStyles
      style={
        Object {
          "alignSelf": "center",
          "paddingRight": 10,
        }
      }
      type="title"
    />
    <WithStyles
      style={
        Object {
          "alignSelf": "center",
        }
      }
      type="title"
    >
      <span
        style={
          Object {
            "color": "#005757",
          }
        }
      >
        Test Project
      </span>
    </WithStyles>
  </Row>
  <React.Fragment>
    <React.Fragment>
      <span />
      <div
        style={
          Object {
            "flex": "1",
            "paddingRight": 30,
          }
        }
      >
        <WithStyles />
      </div>
      <Column
        component={
          <WithStyles
            item={true}
          />
        }
        displayFlex={false}
        flex={false}
      >
        <WithStyles
          type="caption"
        >
          <span
            style={
              Object {
                "color": "#707070",
              }
            }
          >
            Segment Start Date 
          </span>
          <span
            style={
              Object {
                "color": "black",
              }
            }
          >
            2018-1-1
          </span>
        </WithStyles>
        <WithStyles
          type="caption"
        >
          <span
            style={
              Object {
                "color": "#707070",
              }
            }
          >
            Segment End Date 
          </span>
          <span
            style={
              Object {
                "color": "black",
              }
            }
          >
            2018-1-18
          </span>
        </WithStyles>
      </Column>
    </React.Fragment>
    <Column
      component={
        <WithStyles
          item={true}
        />
      }
      displayFlex={false}
      flex={true}
    />
    <WithTheme
      to="/project/1/protocol"
    >
      <WithTheme
        aria-label="View and edit protocol"
        style={
          Object {
            "backgroundColor": "white",
            "color": "black",
          }
        }
        value="Protocol"
      />
    </WithTheme>
  </React.Fragment>
</Container>
`;
