// Jest Snapshot v1, https://goo.gl/fbAQLP

exports[`CodingScheme scene --- Header component should render correctly 1`] = `
<AppBar>
  <WithStyles
    color="inherit"
    style={
      Object {
        "flex": 1,
      }
    }
    type="title"
  >
    Coding Scheme | 
    <span
      style={
        Object {
          "color": "#0faee6",
        }
      }
    >
      Test Project
    </span>
  </WithStyles>
  <SearchBar
    placeholder="Search keywords"
    style={
      Object {
        "paddingRight": 10,
      }
    }
  />
  <WithTheme
    to="/project/undefined/coding-scheme/add"
  >
    <WithTheme
      color="accent"
      value="+ Add New Question"
    />
  </WithTheme>
</AppBar>
`;
