// Jest Snapshot v1, https://goo.gl/fbAQLP

exports[`CodingScheme scene --- Header component should render correctly 1`] = `
<Container
  alignItems="center"
  column={false}
  flex={false}
  spacing={0}
  style={
    Object {
      "height": "80px",
    }
  }
>
  <Column
    component={
      <WithStyles
        item={true}
      />
    }
    displayFlex={false}
    flex={false}
    style={
      Object {
        "paddingRight": 5,
      }
    }
  >
    <IconButton
      color="black"
      iconSize={30}
      onClick={[Function]}
    >
      arrow_back
    </IconButton>
  </Column>
  <Column
    component={
      <WithStyles
        item={true}
      />
    }
    displayFlex={false}
    flex={true}
  >
    <WithStyles
      type="title"
    >
      Coding Scheme | 
      <span
        style={
          Object {
            "color": "#0faee6",
          }
        }
      >
        Test Project
      </span>
    </WithStyles>
  </Column>
  <Column
    component={
      <WithStyles
        item={true}
      />
    }
    displayFlex={false}
    flex={false}
  >
    <SearchBar
      placeholder="Search"
      style={
        Object {
          "paddingRight": 20,
        }
      }
    />
  </Column>
</Container>
`;
