// Jest Snapshot v1, https://goo.gl/fbAQLP

exports[`ApiErrorAlert component should render correctly 1`] = `
<Alert
  actions={
    Array [
      Object {
        "onClick": [Function],
        "type": "button",
        "value": "Dismiss",
      },
    ]
  }
  open={true}
  title={
    <UNDEFINED>
      <withTheme(Icon)
        color="red"
        size={30}
        style={
          Object {
            "paddingRight": 10,
          }
        }
      >
        <Unknown
          style={
            Object {
              "height": 30,
              "width": 30,
            }
          }
        />
      </withTheme(Icon)>
      Uh-oh! Something went wrong.
    </UNDEFINED>
  }
>
  <withStyles(Typography)
    style={
      Object {
        "whiteSpace": "pre-wrap",
      }
    }
    variant="body1"
  >
    <div>
      This is the error alert content.
    </div>
     Please try again later.
  </withStyles(Typography)>
</Alert>
`;
