// Jest Snapshot v1, https://goo.gl/fbAQLP

exports[`DocumentManagement - DocList - DocListTableHead should render correctly 1`] = `
<Fragment>
  <TableRow
    key="bulkAction"
    style={
      Object {
        "width": "100%",
      }
    }
  >
    <TableCell
      colSpan={2}
      id="action"
      key="action"
      padding="default"
      scope="col"
      style={
        Object {
          "borderBottom": "none",
          "paddingLeft": 20,
          "paddingRight": 0,
          "width": undefined,
        }
      }
    >
      <WithStyles(Dropdown)
        SelectDisplayProps={
          Object {
            "style": Object {
              "paddingBottom": 3,
            },
          }
        }
        formControlStyle={
          Object {
            "minWidth": 140,
          }
        }
        input={
          Object {
            "onChange": undefined,
            "value": "bulk",
          }
        }
        options={
          Array [
            Object {
              "disabled": true,
              "label": "Actions",
              "value": "bulk",
            },
            Object {
              "label": "Delete",
              "value": "deleteDoc",
            },
            Object {
              "label": "Assign Project",
              "value": "assignProject",
            },
            Object {
              "label": "Assign Jurisdiction",
              "value": "assignJurisdiction",
            },
            Object {
              "label": "Approve",
              "value": "approveDoc",
            },
          ]
        }
        style={
          Object {
            "color": "#757575",
            "fontSize": 13,
            "fontWeight": 400,
          }
        }
      />
    </TableCell>
  </TableRow>
  <TableRow
    key="docTableHeaders"
    style={
      Object {
        "width": "100%",
      }
    }
  >
    <TableCell
      id="select-all"
      key="select-all"
      padding="default"
      scope="col"
      style={
        Object {
          "paddingLeft": 24,
          "paddingRight": 0,
        }
      }
    >
      <WithStyles(CheckboxLabel)
        input={
          Object {
            "onChange": [Function],
            "value": false,
          }
        }
      />
    </TableCell>
    <TableCell
      id="name"
      key="name"
      padding="checkbox"
      scope="col"
    >
      <WithStyles(Tooltip)
        id="sort-by-name"
        text="Sort by Document Name"
      >
        <WithStyles(TableSortLabel)
          active={false}
          onClick={[Function]}
          style={
            Object {
              "color": "inherit",
            }
          }
        >
          Document Name
        </WithStyles(TableSortLabel)>
      </WithStyles(Tooltip)>
    </TableCell>
    <TableCell
      id="uploadedByName"
      key="uploadedByName"
      padding="checkbox"
      scope="col"
    >
      <WithStyles(Tooltip)
        id="sort-by-uploadedByName"
        text="Sort by Uploaded By"
      >
        <WithStyles(TableSortLabel)
          active={false}
          onClick={[Function]}
          style={
            Object {
              "color": "inherit",
            }
          }
        >
          Uploaded By
        </WithStyles(TableSortLabel)>
      </WithStyles(Tooltip)>
    </TableCell>
    <TableCell
      id="uploadedDate"
      key="uploadedDate"
      padding="checkbox"
      scope="col"
    >
      <WithStyles(Tooltip)
        id="sort-by-uploadedDate"
        text="Sort by Uploaded Date"
      >
        <WithStyles(TableSortLabel)
          active={false}
          onClick={[Function]}
          style={
            Object {
              "color": "inherit",
            }
          }
        >
          Uploaded Date
        </WithStyles(TableSortLabel)>
      </WithStyles(Tooltip)>
    </TableCell>
    <TableCell
      id="doc-projects"
      key="doc-projects"
      padding="checkbox"
      scope="col"
    >
      Projects
    </TableCell>
    <TableCell
      id="doc-jurisdictions"
      key="doc-jurisdictions"
      padding="checkbox"
      scope="col"
    >
      Jurisdictions
    </TableCell>
    <TableCell
      id="approved"
      key="approved"
      padding="default"
      scope="col"
    >
      Approved
    </TableCell>
  </TableRow>
</Fragment>
`;
